// Jest Snapshot v1, https://goo.gl/fbAQLP

exports[`CityDetails Component Matches snapshot 1`] = `
<div>
  <div
    class="flex gap-x-8 py-16 px-8 items-center justify-center"
  >
    <div
      class="w-full max-w-4xl"
    >
      <div
        class="rounded-xl p-8 shadow bg-white dark:bg-white/2 transition mb-8"
      >
        <div
          class="flex items-center justify-center p-4"
        >
          <img
            alt="Partly cloudy"
            class="sm:hidden w-24 h-24 rounded-full drop-shadow-[0_5px_5px_rgba(0,0,0,0.1)] dark:drop-shadow-[0_5px_5px_rgba(135,206,235,0.2)]"
            src="icon-url"
          />
        </div>
        <div
          class="flex justify-center items-center gap-6 mb-8 lg:mb-12"
        >
          <img
            alt="Partly cloudy"
            class="hidden sm:block w-12 h-12 rounded-full drop-shadow-[0_5px_5px_rgba(0,0,0,0.1)] dark:drop-shadow-[0_5px_5px_rgba(135,206,235,0.2)]"
            src="icon-url"
          />
          <div
            class="flex justify-center items-center flex-col"
          >
            <div
              class="flex justify-center items-center gap-x-2"
            >
              <p
                class="text-2xl"
              >
                LONDON
              </p>
              <div
                class="group relative sm:hidden"
              >
                <button
                  class="px-3 inline-flex items-center justify-center text-sm font-medium transition-all disabled:opacity-50 disabled:pointer-events-none border-black/2 dark:border-white/10 py-1.5 text-sky-800 dark:text-sky-300 hover:shadow-md cursor-pointer active:scale-105 hover:opacity-80 dark:shadow-white/2 group w-12 h-12 rounded-full hover:bg-sky-100/10 border-0 shadow-none"
                  title="Toggle Favorite"
                >
                  <svg
                    class="lucide lucide-star h-6 w-6 cursor-pointer group-hover:stroke-orange-500"
                    fill="none"
                    height="24"
                    stroke="currentColor"
                    stroke-linecap="round"
                    stroke-linejoin="round"
                    stroke-width="1"
                    viewBox="0 0 24 24"
                    width="24"
                    xmlns="http://www.w3.org/2000/svg"
                  >
                    <path
                      d="M11.525 2.295a.53.53 0 0 1 .95 0l2.31 4.679a2.123 2.123 0 0 0 1.595 1.16l5.166.756a.53.53 0 0 1 .294.904l-3.736 3.638a2.123 2.123 0 0 0-.611 1.878l.882 5.14a.53.53 0 0 1-.771.56l-4.618-2.428a2.122 2.122 0 0 0-1.973 0L6.396 21.01a.53.53 0 0 1-.77-.56l.881-5.139a2.122 2.122 0 0 0-.611-1.879L2.16 9.795a.53.53 0 0 1 .294-.906l5.165-.755a2.122 2.122 0 0 0 1.597-1.16z"
                    />
                  </svg>
                </button>
                <div
                  class="invisible group-hover:visible absolute bg-gray-800 dark:bg-[rgb(25,25,25)] text-gray-300 dark:text-gray-400 text-xs rounded p-2 whitespace-nowrap shadow-lg z-50 transition-all bottom-full left-1/2 transform -translate-x-1/2 mb-6 opacity-0 translate-y-5"
                >
                  Add to favorites
                  <div
                    class="absolute left-1/2 bottom-0 transform -translate-x-1/2 translate-y-full border-8 border-transparent border-t-gray-800 dark:border-t-[rgb(25,25,25)]"
                  />
                </div>
              </div>
            </div>
            <p
              class="pt-1 text-sm text-gray-500 dark:text-gray-400"
            >
              UK
            </p>
            <p
              class="pt-4 text-xs italic text-gray-500 dark:text-gray-400"
            >
              Partly cloudy
            </p>
          </div>
          <div
            class="group relative hidden sm:block"
          >
            <button
              class="px-3 inline-flex items-center justify-center text-sm font-medium transition-all disabled:opacity-50 disabled:pointer-events-none border border-black/2 dark:border-white/10 py-1.5 text-sky-800 dark:text-sky-300 shadow hover:shadow-md cursor-pointer active:scale-105 hover:opacity-80 dark:shadow-white/2 group w-12 h-12 rounded-full bg-sky-50 dark:bg-sky-100/5 hover:bg-sky-100/10"
              title="Toggle Favorite"
            >
              <svg
                class="lucide lucide-star h-6 w-6 cursor-pointer group-hover:stroke-orange-500"
                fill="none"
                height="24"
                stroke="currentColor"
                stroke-linecap="round"
                stroke-linejoin="round"
                stroke-width="1"
                viewBox="0 0 24 24"
                width="24"
                xmlns="http://www.w3.org/2000/svg"
              >
                <path
                  d="M11.525 2.295a.53.53 0 0 1 .95 0l2.31 4.679a2.123 2.123 0 0 0 1.595 1.16l5.166.756a.53.53 0 0 1 .294.904l-3.736 3.638a2.123 2.123 0 0 0-.611 1.878l.882 5.14a.53.53 0 0 1-.771.56l-4.618-2.428a2.122 2.122 0 0 0-1.973 0L6.396 21.01a.53.53 0 0 1-.77-.56l.881-5.139a2.122 2.122 0 0 0-.611-1.879L2.16 9.795a.53.53 0 0 1 .294-.906l5.165-.755a2.122 2.122 0 0 0 1.597-1.16z"
                />
              </svg>
            </button>
            <div
              class="invisible group-hover:visible absolute bg-gray-800 dark:bg-[rgb(25,25,25)] text-gray-300 dark:text-gray-400 text-xs rounded p-2 whitespace-nowrap shadow-lg z-50 transition-all bottom-full left-1/2 transform -translate-x-1/2 mb-6 opacity-0 translate-y-5"
            >
              Add to favorites
              <div
                class="absolute left-1/2 bottom-0 transform -translate-x-1/2 translate-y-full border-8 border-transparent border-t-gray-800 dark:border-t-[rgb(25,25,25)]"
              />
            </div>
          </div>
        </div>
        <ul
          class="grid grid-cols-1 sm:grid-cols-2 md:grid-cols-3 lg:grid-cols-4 w-full gap-8"
        >
          <li
            class="flex justify-center items-center flex-col"
          >
            <p
              class="text-sm"
            >
              TEMPERATURE
            </p>
            <p
              class="pt-4 text-gray-500 dark:text-gray-400 text-xs"
            >
              15
               
              °C
            </p>
          </li>
          <li
            class="flex justify-center items-center flex-col"
          >
            <p
              class="text-sm"
            >
              WIND SPEED
            </p>
            <p
              class="pt-4 text-gray-500 dark:text-gray-400 text-xs"
            >
              10
               
              km/h
            </p>
          </li>
          <li
            class="flex justify-center items-center flex-col"
          >
            <p
              class="text-sm"
            >
              PRESSURE
            </p>
            <p
              class="pt-4 text-gray-500 dark:text-gray-400 text-xs"
            >
              1012
               
              mb
            </p>
          </li>
          <li
            class="flex justify-center items-center flex-col"
          >
            <p
              class="text-sm"
            >
              PRECIP
            </p>
            <p
              class="pt-4 text-gray-500 dark:text-gray-400 text-xs"
            >
              0.5
               
              mm
            </p>
          </li>
          <li
            class="flex justify-center items-center flex-col"
          >
            <p
              class="text-sm"
            >
              HUMIDITY
            </p>
            <p
              class="pt-4 text-gray-500 dark:text-gray-400 text-xs"
            >
              80
               
              %
            </p>
          </li>
          <li
            class="flex justify-center items-center flex-col"
          >
            <p
              class="text-sm"
            >
              CLOUDCOVER
            </p>
            <p
              class="pt-4 text-gray-500 dark:text-gray-400 text-xs"
            >
              50
               
              %
            </p>
          </li>
          <li
            class="flex justify-center items-center flex-col"
          >
            <p
              class="text-sm"
            >
              FEELSLIKE
            </p>
            <p
              class="pt-4 text-gray-500 dark:text-gray-400 text-xs"
            >
              14
               
              °C
            </p>
          </li>
          <li
            class="flex justify-center items-center flex-col"
          >
            <p
              class="text-sm"
            >
              UV INDEX
            </p>
            <p
              class="pt-4 text-gray-500 dark:text-gray-400 text-xs"
            >
              3
               
            </p>
          </li>
          <li
            class="flex justify-center items-center flex-col"
          >
            <p
              class="text-sm"
            >
              VISIBILITY
            </p>
            <p
              class="pt-4 text-gray-500 dark:text-gray-400 text-xs"
            >
              10
               
              km
            </p>
          </li>
        </ul>
      </div>
      <div
        class="min-h-90 rounded-xl p-3 shadow bg-white dark:bg-white/2 transition"
      >
        <div>
          <div>
            <label
              class="sr-only"
              for="CityNotes"
            >
              City notes
            </label>
            <div
              class="overflow-hidden"
            >
              <textarea
                class="block w-full rounded-md bg-gray-100 dark:bg-black/8 px-3 py-1.5 focus:outline-none focus:border focus:border-sky-600 placeholder:text-gray-400 dark:placeholder:text-gray-500 sm:text-sm/6"
                id="CityNotes"
                placeholder="Enter informative notes about this city..."
                rows="4"
              />
              <div
                class="flex items-center justify-end gap-2 py-3"
              >
                <button
                  class="px-3 inline-flex items-center justify-center rounded-md text-sm font-medium transition-all disabled:opacity-50 disabled:pointer-events-none border border-black/2 dark:border-white/10 py-1.5 shadow hover:shadow-md cursor-pointer active:scale-105 hover:opacity-80 dark:shadow-white/2 h-8 text-gray-500 dark:text-gray-400"
                  type="button"
                >
                  Clear
                </button>
                <button
                  class="px-3 inline-flex items-center justify-center rounded-md text-sm font-medium transition-all disabled:opacity-50 disabled:pointer-events-none border border-black/2 dark:border-white/10 py-1.5 text-sky-800 dark:text-sky-300 shadow hover:shadow-md cursor-pointer active:scale-105 hover:opacity-80 dark:shadow-white/2 h-8"
                  type="button"
                >
                  Save
                </button>
              </div>
            </div>
          </div>
          <ul
            class="space-y-2"
          />
        </div>
      </div>
    </div>
  </div>
</div>
`;
