// Jest Snapshot v1, https://goo.gl/fbAQLP

exports[`CityCard Component Matches snapshot 1`] = `
<div>
  <div
    class="rounded-xl p-3 shadow-sm hover:shadow-lg bg-white dark:bg-white/2 transition"
  >
    <div
      class="flex justify-center items-center gap-x-2"
    >
      <img
        alt="Sunny"
        class="w-8 h-8 rounded-full drop-shadow-[0_5px_5px_rgba(0,0,0,0.1)] dark:drop-shadow-[0_5px_5px_rgba(135,206,235,0.2)]"
        src="https://example.com/icon.png"
      />
      <div>
        25
        °C
      </div>
    </div>
    <a
      data-discover="true"
      href="/40.7128/-74.006"
    >
      <h3
        class="mt-0.5 text-lg font-medium w-fit"
      >
        New York
      </h3>
    </a>
    <p
      class="mb-4 line-clamp-3 text-sm/relaxed text-gray-500 dark:text-gray-400"
    >
      USA
    </p>
    <div
      class="flex justify-between items-center"
    >
      <div
        class="flex items-center justify-center gap-x-1"
      >
        <div
          class="group relative"
        >
          <button
            class="h-9 inline-flex items-center justify-center text-sm font-medium transition-all disabled:opacity-50 disabled:pointer-events-none border border-black/2 dark:border-white/10 py-1.5 text-sky-800 dark:text-sky-300 shadow hover:shadow-md cursor-pointer active:scale-105 hover:opacity-80 dark:shadow-white/2 rounded-full w-9 px-0"
            title="Toggle Favorite"
          >
            <svg
              class="lucide lucide-star h-4 w-4 hover:stroke-orange-500"
              data-testid="favorite-icon"
              fill="none"
              height="24"
              stroke="currentColor"
              stroke-linecap="round"
              stroke-linejoin="round"
              stroke-width="1"
              viewBox="0 0 24 24"
              width="24"
              xmlns="http://www.w3.org/2000/svg"
            >
              <path
                d="M11.525 2.295a.53.53 0 0 1 .95 0l2.31 4.679a2.123 2.123 0 0 0 1.595 1.16l5.166.756a.53.53 0 0 1 .294.904l-3.736 3.638a2.123 2.123 0 0 0-.611 1.878l.882 5.14a.53.53 0 0 1-.771.56l-4.618-2.428a2.122 2.122 0 0 0-1.973 0L6.396 21.01a.53.53 0 0 1-.77-.56l.881-5.139a2.122 2.122 0 0 0-.611-1.879L2.16 9.795a.53.53 0 0 1 .294-.906l5.165-.755a2.122 2.122 0 0 0 1.597-1.16z"
              />
            </svg>
          </button>
          <div
            class="invisible group-hover:visible absolute bg-gray-800 dark:bg-[rgb(25,25,25)] text-gray-300 dark:text-gray-400 text-xs rounded p-2 whitespace-nowrap shadow-lg z-50 transition-all bottom-full left-1/2 transform -translate-x-1/2 mb-6 opacity-0 translate-y-5"
          >
            Add To Favorites
            <div
              class="absolute left-1/2 bottom-0 transform -translate-x-1/2 translate-y-full border-8 border-transparent border-t-gray-800 dark:border-t-[rgb(25,25,25)]"
            />
          </div>
        </div>
        <div
          class="group relative"
        >
          <button
            class="h-9 inline-flex items-center justify-center text-sm font-medium transition-all disabled:opacity-50 disabled:pointer-events-none border border-black/2 dark:border-white/10 py-1.5 text-sky-800 dark:text-sky-300 shadow hover:shadow-md cursor-pointer active:scale-105 hover:opacity-80 dark:shadow-white/2 rounded-full w-9 px-0"
            title="Delete City"
          >
            <svg
              class="lucide lucide-trash h-4 w-4 stroke-red-500"
              fill="none"
              height="24"
              stroke="currentColor"
              stroke-linecap="round"
              stroke-linejoin="round"
              stroke-width="1"
              viewBox="0 0 24 24"
              width="24"
              xmlns="http://www.w3.org/2000/svg"
            >
              <path
                d="M3 6h18"
              />
              <path
                d="M19 6v14c0 1-1 2-2 2H7c-1 0-2-1-2-2V6"
              />
              <path
                d="M8 6V4c0-1 1-2 2-2h4c1 0 2 1 2 2v2"
              />
            </svg>
          </button>
          <div
            class="invisible group-hover:visible absolute bg-gray-800 dark:bg-[rgb(25,25,25)] text-gray-300 dark:text-gray-400 text-xs rounded p-2 whitespace-nowrap shadow-lg z-50 transition-all bottom-full left-1/2 transform -translate-x-1/2 mb-6 opacity-0 translate-y-5"
          >
            Delete
            <div
              class="absolute left-1/2 bottom-0 transform -translate-x-1/2 translate-y-full border-8 border-transparent border-t-gray-800 dark:border-t-[rgb(25,25,25)]"
            />
          </div>
        </div>
      </div>
      <a
        class="group flex items-center gap-x-1 text-sm font-medium text-sky-800 dark:text-sky-300"
        data-discover="true"
        href="/40.7128/-74.006"
      >
        Details
        <span
          aria-hidden="true"
          class="block transition-all group-hover:ms-0.5 rtl:rotate-180"
        >
          →
        </span>
      </a>
    </div>
  </div>
</div>
`;
